../Dev/App/min_shell/min_shell_command.c:50:13:MIN_Handler_PLEASE_RESET_CMD	24	static
../Dev/App/min_shell/min_shell_command.c:57:13:MIN_Handler_TEST_CONNECTION_CMD	24	static
../Dev/App/min_shell/min_shell_command.c:66:13:MIN_Handler_SET_WORKING_RTC_CMD	40	static
../Dev/App/min_shell/min_shell_command.c:81:13:MIN_Handler_SET_NTC_CONTROL_CMD	32	static
../Dev/App/min_shell/min_shell_command.c:90:13:MIN_Handler_SET_TEMP_PROFILE_CMD	136	static
../Dev/App/min_shell/min_shell_command.c:154:13:MIN_Handler_START_TEMP_PROFILE_CMD	32	static
../Dev/App/min_shell/min_shell_command.c:166:13:MIN_Handler_STOP_TEMP_PROFILE_CMD	32	static
../Dev/App/min_shell/min_shell_command.c:178:13:MIN_Handler_SET_OVERRIDE_TEC_PROFILE_CMD	56	static
../Dev/App/min_shell/min_shell_command.c:240:13:MIN_Handler_START_OVERRIDE_TEC_PROFILE_CMD	32	static
../Dev/App/min_shell/min_shell_command.c:252:13:MIN_Handler_STOP_OVERRIDE_TEC_PROFILE_CMD	32	static
../Dev/App/min_shell/min_shell_command.c:264:13:MIN_Handler_SET_PDA_PROFILE_CMD	128	static
../Dev/App/min_shell/min_shell_command.c:337:13:MIN_Handler_SET_LASER_INTENSITY_CMD	48	static
../Dev/App/min_shell/min_shell_command.c:372:13:MIN_Handler_SET_POSITION_CMD	48	static
../Dev/App/min_shell/min_shell_command.c:405:13:MIN_Handler_START_SAMPLE_CYCLE_CMD	32	static
../Dev/App/min_shell/min_shell_command.c:422:13:MIN_Handler_GET_INFO_SAMPLE_CMD	48	static
../Dev/App/min_shell/min_shell_command.c:445:13:MIN_Handler_GET_CHUNK_CMD	56	static
../Dev/App/min_shell/min_shell_command.c:477:13:MIN_Handler_GET_CHUNK_CRC_CMD	32	static
../Dev/App/min_shell/min_shell_command.c:490:13:MIN_Handler_GET_LASER_CURRENT_DATA_CMD	32	static
../Dev/App/min_shell/min_shell_command.c:500:13:MIN_Handler_GET_LASER_CURRENT_CRC_CMD	32	static
../Dev/App/min_shell/min_shell_command.c:513:13:MIN_Handler_MANUAL_SET_LASER_INTENSITY_CMD	32	static
../Dev/App/min_shell/min_shell_command.c:533:13:MIN_Handler_MANUAL_TURN_ON_LASER_CMD	32	static
../Dev/App/min_shell/min_shell_command.c:558:13:MIN_Handler_MANUAL_TURN_OFF_LASER_CMD	32	static
../Dev/App/min_shell/min_shell_command.c:570:13:MIN_Handler_GET_LASER_CURRENT_CMD	40	static
../Dev/App/min_shell/min_shell_command.c:582:13:MIN_Handler_GET_LOG_CMD	32	static
../Dev/App/min_shell/min_shell_command.c:637:22:MIN_GetCommandTable	4	static
../Dev/App/min_shell/min_shell_command.c:642:5:MIN_GetCommandTableSize	4	static
