../Dev/App/temperature_control/temperature_control.c:85:13:temperature_control_task_init	16	static
../Dev/App/temperature_control/temperature_control.c:148:13:temperature_control_task_dispatch	24	static
../Dev/App/temperature_control/temperature_control.c:158:6:temperature_control_task_ctor	32	static
../Dev/App/temperature_control/temperature_control.c:169:6:temperature_control_task_singleton_ctor	56	static
../Dev/App/temperature_control/temperature_control.c:181:6:temperature_control_task_start	16	static
../Dev/App/temperature_control/temperature_control.c:186:16:temperature_control_default_handler	16	static
../Dev/App/temperature_control/temperature_control.c:203:16:temperature_control_state_manual_handler	24	static
../Dev/App/temperature_control/temperature_control.c:271:16:temperature_control_state_cooling_handler	24	static
../Dev/App/temperature_control/temperature_control.c:339:16:temperature_control_state_wait_heat_handler	24	static
../Dev/App/temperature_control/temperature_control.c:414:16:temperature_control_state_heating_heater_handler	24	static
../Dev/App/temperature_control/temperature_control.c:480:16:temperature_control_state_wait_cool_handler	24	static
../Dev/App/temperature_control/temperature_control.c:556:16:temperature_control_state_ntc_error_handler	24	static
../Dev/App/temperature_control/temperature_control.c:624:10:temperature_control_man_mode_set	40	static
../Dev/App/temperature_control/temperature_control.c:638:10:temperature_control_auto_mode_set	40	static
../Dev/App/temperature_control/temperature_control.c:653:6:temperature_control_power_control	16	static
../Dev/App/temperature_control/temperature_control.c:666:6:temperature_control_is_powered_on	16	static
../Dev/App/temperature_control/temperature_control.c:672:6:temperature_control_auto_tec_init_all	24	static
../Dev/App/temperature_control/temperature_control.c:685:10:temperature_control_tec_init	24	static
../Dev/App/temperature_control/temperature_control.c:695:6:temperature_control_auto_tec_set_output	32	static
../Dev/App/temperature_control/temperature_control.c:710:10:temperature_control_auto_tec_get_output	16	static
../Dev/App/temperature_control/temperature_control.c:716:10:temperature_control_profile_tec_register	16	static
../Dev/App/temperature_control/temperature_control.c:725:10:temperature_control_profile_tec_unregister	16	static
../Dev/App/temperature_control/temperature_control.c:734:9:temperature_control_profile_tec_get	16	static
../Dev/App/temperature_control/temperature_control.c:740:10:temperature_control_profile_heater_duty_set	16	static
../Dev/App/temperature_control/temperature_control.c:749:9:temperature_control_profile_heater_duty_get	16	static
../Dev/App/temperature_control/temperature_control.c:755:10:temperature_control_profile_heater_register	16	static
../Dev/App/temperature_control/temperature_control.c:764:10:temperature_control_profile_heater_unregister	16	static
../Dev/App/temperature_control/temperature_control.c:773:9:temperature_control_profile_heater_profile_get	16	static
../Dev/App/temperature_control/temperature_control.c:779:6:temperature_control_profile_setpoint_set	16	static
../Dev/App/temperature_control/temperature_control.c:784:9:temperature_control_profile_setpoint_get	16	static
../Dev/App/temperature_control/temperature_control.c:790:10:temperature_control_profile_ntc_register	16	static
../Dev/App/temperature_control/temperature_control.c:801:6:temperature_control_profile_ntc_get	16	static
../Dev/App/temperature_control/temperature_control.c:808:6:temperature_control_profile_temp_lim_set	16	static
../Dev/App/temperature_control/temperature_control.c:814:6:temperature_control_profile_temp_lim_get	16	static
../Dev/App/temperature_control/temperature_control.c:821:6:temperature_control_auto_tec_enable_output	24	static
../Dev/App/temperature_control/temperature_control.c:829:6:temperature_control_auto_tec_disable_output	24	static
../Dev/App/temperature_control/temperature_control.c:839:6:temperature_control_auto_heater_enable_output	24	static
../Dev/App/temperature_control/temperature_control.c:848:6:temperature_control_auto_heater_disable_output	24	static
../Dev/App/temperature_control/temperature_control.c:858:10:temperature_control_profile_set_auto_recover	16	static
../Dev/App/temperature_control/temperature_control.c:867:10:temperature_control_profile_get_auto_recover	16	static
../Dev/App/temperature_control/temperature_control.c:873:10:temperature_profile_tec_ovr_register	16	static
../Dev/App/temperature_control/temperature_control.c:884:10:temperature_profile_tec_ovr_voltage_set	16	static
../Dev/App/temperature_control/temperature_control.c:893:10:temperature_profile_tec_ovr_enable	72	static
../Dev/App/temperature_control/temperature_control.c:912:10:temperature_profile_tec_ovr_disable	24	static
../Dev/App/temperature_control/temperature_control.c:922:9:temperature_profile_tec_ovr_get	16	static
../Dev/App/temperature_control/temperature_control.c:927:10:temperature_profile_tec_ovr_get_voltage	16	static
../Dev/App/temperature_control/temperature_control.c:934:6:temperature_control_is_in_man_state	16	static
../Dev/App/temperature_control/temperature_control.c:938:10:temperature_control_tec_manual_set_output	80	static
../Dev/App/temperature_control/temperature_control.c:950:10:temperature_control_tec_enable_output	32	static
../Dev/App/temperature_control/temperature_control.c:958:10:temperature_control_profile_tec_voltage_set	16	static
../Dev/App/temperature_control/temperature_control.c:967:10:temperature_control_profile_tec_voltage_get	16	static
../Dev/App/temperature_control/temperature_control.c:973:10:temperature_control_set_profile	24	static
../Dev/App/temperature_control/temperature_control.c:997:13:temp_ctrl_update_profile	16	static
../Dev/App/temperature_control/temperature_control.c:1032:13:temp_ctrl_validate_profile	8	static
