../Dev/App/temperature_control/temperature_control.c:85:13:temperature_control_task_init	16	static
../Dev/App/temperature_control/temperature_control.c:145:13:temperature_control_task_dispatch	24	static
../Dev/App/temperature_control/temperature_control.c:155:6:temperature_control_task_ctor	32	static
../Dev/App/temperature_control/temperature_control.c:166:6:temperature_control_task_singleton_ctor	56	static
../Dev/App/temperature_control/temperature_control.c:178:6:temperature_control_task_start	16	static
../Dev/App/temperature_control/temperature_control.c:183:16:temperature_control_default_handler	16	static
../Dev/App/temperature_control/temperature_control.c:200:16:temperature_control_state_manual_handler	24	static
../Dev/App/temperature_control/temperature_control.c:268:16:temperature_control_state_cooling_handler	24	static
../Dev/App/temperature_control/temperature_control.c:336:16:temperature_control_state_wait_heat_handler	24	static
../Dev/App/temperature_control/temperature_control.c:411:16:temperature_control_state_heating_heater_handler	24	static
../Dev/App/temperature_control/temperature_control.c:477:16:temperature_control_state_wait_cool_handler	24	static
../Dev/App/temperature_control/temperature_control.c:553:16:temperature_control_state_ntc_error_handler	24	static
../Dev/App/temperature_control/temperature_control.c:621:10:temperature_control_man_mode_set	40	static
../Dev/App/temperature_control/temperature_control.c:635:10:temperature_control_auto_mode_set	40	static
../Dev/App/temperature_control/temperature_control.c:650:6:temperature_control_power_control	16	static
../Dev/App/temperature_control/temperature_control.c:663:6:temperature_control_is_powered_on	16	static
../Dev/App/temperature_control/temperature_control.c:669:6:temperature_control_auto_tec_init_all	24	static
../Dev/App/temperature_control/temperature_control.c:682:10:temperature_control_tec_init	24	static
../Dev/App/temperature_control/temperature_control.c:692:6:temperature_control_auto_tec_set_output	32	static
../Dev/App/temperature_control/temperature_control.c:707:10:temperature_control_auto_tec_get_output	16	static
../Dev/App/temperature_control/temperature_control.c:713:10:temperature_control_profile_tec_register	16	static
../Dev/App/temperature_control/temperature_control.c:722:10:temperature_control_profile_tec_unregister	16	static
../Dev/App/temperature_control/temperature_control.c:731:9:temperature_control_profile_tec_get	16	static
../Dev/App/temperature_control/temperature_control.c:737:10:temperature_control_profile_heater_duty_set	16	static
../Dev/App/temperature_control/temperature_control.c:746:9:temperature_control_profile_heater_duty_get	16	static
../Dev/App/temperature_control/temperature_control.c:752:10:temperature_control_profile_heater_register	16	static
../Dev/App/temperature_control/temperature_control.c:761:10:temperature_control_profile_heater_unregister	16	static
../Dev/App/temperature_control/temperature_control.c:770:9:temperature_control_profile_heater_profile_get	16	static
../Dev/App/temperature_control/temperature_control.c:776:6:temperature_control_profile_setpoint_set	16	static
../Dev/App/temperature_control/temperature_control.c:781:9:temperature_control_profile_setpoint_get	16	static
../Dev/App/temperature_control/temperature_control.c:787:10:temperature_control_profile_ntc_register	16	static
../Dev/App/temperature_control/temperature_control.c:798:6:temperature_control_profile_ntc_get	16	static
../Dev/App/temperature_control/temperature_control.c:805:6:temperature_control_profile_temp_lim_set	16	static
../Dev/App/temperature_control/temperature_control.c:811:6:temperature_control_profile_temp_lim_get	16	static
../Dev/App/temperature_control/temperature_control.c:818:6:temperature_control_auto_tec_enable_output	24	static
../Dev/App/temperature_control/temperature_control.c:826:6:temperature_control_auto_tec_disable_output	24	static
../Dev/App/temperature_control/temperature_control.c:836:6:temperature_control_auto_heater_enable_output	24	static
../Dev/App/temperature_control/temperature_control.c:845:6:temperature_control_auto_heater_disable_output	24	static
../Dev/App/temperature_control/temperature_control.c:855:10:temperature_control_profile_set_auto_recover	16	static
../Dev/App/temperature_control/temperature_control.c:864:10:temperature_control_profile_get_auto_recover	16	static
../Dev/App/temperature_control/temperature_control.c:870:10:temperature_profile_tec_ovr_register	16	static
../Dev/App/temperature_control/temperature_control.c:881:10:temperature_profile_tec_ovr_voltage_set	16	static
../Dev/App/temperature_control/temperature_control.c:890:10:temperature_profile_tec_ovr_enable	72	static
../Dev/App/temperature_control/temperature_control.c:909:10:temperature_profile_tec_ovr_disable	24	static
../Dev/App/temperature_control/temperature_control.c:919:9:temperature_profile_tec_ovr_get	16	static
../Dev/App/temperature_control/temperature_control.c:924:10:temperature_profile_tec_ovr_get_voltage	16	static
../Dev/App/temperature_control/temperature_control.c:931:6:temperature_control_is_in_man_state	16	static
../Dev/App/temperature_control/temperature_control.c:935:10:temperature_control_tec_manual_set_output	80	static
../Dev/App/temperature_control/temperature_control.c:947:10:temperature_control_tec_enable_output	32	static
../Dev/App/temperature_control/temperature_control.c:955:10:temperature_control_profile_tec_voltage_set	16	static
../Dev/App/temperature_control/temperature_control.c:964:10:temperature_control_profile_tec_voltage_get	16	static
../Dev/App/temperature_control/temperature_control.c:970:10:temperature_control_set_profile	24	static
../Dev/App/temperature_control/temperature_control.c:994:13:temp_ctrl_update_profile	16	static
../Dev/App/temperature_control/temperature_control.c:1029:13:temp_ctrl_validate_profile	8	static
