../Drivers/STM32F7xx_HAL_Driver/Inc/stm32f7xx_ll_dma.h:517:22:LL_DMA_DisableStream	16	static
../Drivers/STM32F7xx_HAL_Driver/Inc/stm32f7xx_ll_spi.h:1220:22:LL_SPI_DisableDMAReq_RX	16	static
../Drivers/STM32F7xx_HAL_Driver/Inc/stm32f7xx_ll_spi.h:1253:22:LL_SPI_DisableDMAReq_TX	16	static
../Dev/BSupport/BSP/bsp_spi_ram/bsp_spi_ram.c:30:6:bsp_spi_ram_init	8	static
../Dev/BSupport/BSP/bsp_spi_ram/bsp_spi_ram.c:34:6:bsp_spi_ram_write_polling	24	static
../Dev/BSupport/BSP/bsp_spi_ram/bsp_spi_ram.c:38:6:bsp_spi_ram_read_polling	24	static
../Dev/BSupport/BSP/bsp_spi_ram/bsp_spi_ram.c:42:6:bsp_spi_ram_fast_read_polling	24	static
../Dev/BSupport/BSP/bsp_spi_ram/bsp_spi_ram.c:47:6:bsp_spi_ram_write_dma	24	static
../Dev/BSupport/BSP/bsp_spi_ram/bsp_spi_ram.c:57:6:bsp_spi_ram_read_dma	24	static
../Dev/BSupport/BSP/bsp_spi_ram/bsp_spi_ram.c:67:6:bsp_spi_ram_read_id	16	static
../Dev/BSupport/BSP/bsp_spi_ram/bsp_spi_ram.c:72:9:bsp_spi_ram_is_transfer_done	8	static
../Dev/BSupport/BSP/bsp_spi_ram/bsp_spi_ram.c:78:6:DMA2_Stream6_IRQHandler	8	static
