../Drivers/STM32F7xx_HAL_Driver/Inc/stm32f7xx_ll_dma.h:497:22:LL_DMA_EnableStream	16	static
../Drivers/STM32F7xx_HAL_Driver/Inc/stm32f7xx_ll_dma.h:517:22:LL_DMA_DisableStream	16	static
../Drivers/STM32F7xx_HAL_Driver/Inc/stm32f7xx_ll_dma.h:537:26:LL_DMA_IsEnabledStream	16	static
../Drivers/STM32F7xx_HAL_Driver/Inc/stm32f7xx_ll_dma.h:971:22:LL_DMA_SetDataLength	24	static
../Drivers/STM32F7xx_HAL_Driver/Inc/stm32f7xx_ll_dma.h:1425:22:LL_DMA_ConfigAddresses	24	static
../Drivers/STM32F7xx_HAL_Driver/Inc/stm32f7xx_ll_dma.h:2233:22:LL_DMA_ClearFlag_TC3	16	static
../Drivers/STM32F7xx_HAL_Driver/Inc/stm32f7xx_ll_dma.h:2321:22:LL_DMA_ClearFlag_TE3	16	static
../Drivers/STM32F7xx_HAL_Driver/Inc/stm32f7xx_ll_dma.h:2589:22:LL_DMA_EnableIT_TE	16	static
../Drivers/STM32F7xx_HAL_Driver/Inc/stm32f7xx_ll_dma.h:2609:22:LL_DMA_EnableIT_TC	16	static
../Drivers/STM32F7xx_HAL_Driver/Inc/stm32f7xx_ll_spi.h:371:22:LL_SPI_Enable	16	static
../Drivers/STM32F7xx_HAL_Driver/Inc/stm32f7xx_ll_spi.h:1242:22:LL_SPI_EnableDMAReq_TX	16	static
../Drivers/STM32F7xx_HAL_Driver/Inc/stm32f7xx_ll_spi.h:1253:22:LL_SPI_DisableDMAReq_TX	16	static
../Drivers/STM32F7xx_HAL_Driver/Inc/stm32f7xx_ll_spi.h:1329:26:LL_SPI_DMA_GetRegAddr	16	static
../Drivers/STM32F7xx_HAL_Driver/Inc/stm32f7xx_ll_bus.h:1768:22:LL_APB2_GRP1_ForceReset	16	static
../Drivers/STM32F7xx_HAL_Driver/Inc/stm32f7xx_ll_bus.h:1825:22:LL_APB2_GRP1_ReleaseReset	16	static
../Dev/BSupport/BSP/bsp_spi_slave/bsp_spi_slave.c:43:20:SPI_SlaveDevice_GetHandle	4	static
../Dev/BSupport/BSP/bsp_spi_slave/bsp_spi_slave.c:48:16:SPI_SlaveDevice_Init	16	static
../Dev/BSupport/BSP/bsp_spi_slave/bsp_spi_slave.c:68:16:SPI_SlaveDevice_CollectData	24	static
../Dev/BSupport/BSP/bsp_spi_slave/bsp_spi_slave.c:89:16:SPI_SlaveDevice_GetDataInfo	16	static
../Dev/BSupport/BSP/bsp_spi_slave/bsp_spi_slave.c:99:16:SPI_SlaveDevice_ReinitDMA	24	static
../Dev/BSupport/BSP/bsp_spi_slave/bsp_spi_slave.c:127:16:SPI_SlaveDevice_Disable	8	static
../Dev/BSupport/BSP/bsp_spi_slave/bsp_spi_slave.c:140:21:SPI_SlaveDevice_GetTransferState	4	static
../Dev/BSupport/BSP/bsp_spi_slave/bsp_spi_slave.c:145:6:SPI_SlaveDevice_SetTransferState	16	static
../Dev/BSupport/BSP/bsp_spi_slave/bsp_spi_slave.c:150:10:SPI_SlaveDevide_GetDataCRC	4	static
../Dev/BSupport/BSP/bsp_spi_slave/bsp_spi_slave.c:154:6:DMA2_Stream3_IRQHandler	8	static
