../Drivers/STM32F7xx_HAL_Driver/Inc/stm32f7xx_ll_gpio.h:881:22:LL_GPIO_SetOutputPin	16	static
../Drivers/STM32F7xx_HAL_Driver/Inc/stm32f7xx_ll_gpio.h:910:22:LL_GPIO_ResetOutputPin	16	static
../Drivers/STM32F7xx_HAL_Driver/Inc/stm32f7xx_ll_spi.h:918:26:LL_SPI_IsActiveFlag_RXNE	16	static
../Drivers/STM32F7xx_HAL_Driver/Inc/stm32f7xx_ll_spi.h:929:26:LL_SPI_IsActiveFlag_TXE	16	static
../Drivers/STM32F7xx_HAL_Driver/Inc/stm32f7xx_ll_spi.h:1209:22:LL_SPI_EnableDMAReq_RX	16	static
../Drivers/STM32F7xx_HAL_Driver/Inc/stm32f7xx_ll_spi.h:1242:22:LL_SPI_EnableDMAReq_TX	16	static
../Drivers/STM32F7xx_HAL_Driver/Inc/stm32f7xx_ll_spi.h:1348:25:LL_SPI_ReceiveData8	16	static
../Drivers/STM32F7xx_HAL_Driver/Inc/stm32f7xx_ll_spi.h:1371:22:LL_SPI_TransmitData8	24	static
../Drivers/STM32F7xx_HAL_Driver/Inc/stm32f7xx_ll_dma.h:497:22:LL_DMA_EnableStream	16	static
../Drivers/STM32F7xx_HAL_Driver/Inc/stm32f7xx_ll_dma.h:517:22:LL_DMA_DisableStream	16	static
../Drivers/STM32F7xx_HAL_Driver/Inc/stm32f7xx_ll_dma.h:646:22:LL_DMA_SetMode	24	static
../Drivers/STM32F7xx_HAL_Driver/Inc/stm32f7xx_ll_dma.h:738:22:LL_DMA_SetMemoryIncMode	24	static
../Drivers/STM32F7xx_HAL_Driver/Inc/stm32f7xx_ll_dma.h:971:22:LL_DMA_SetDataLength	24	static
../Drivers/STM32F7xx_HAL_Driver/Inc/stm32f7xx_ll_dma.h:1459:22:LL_DMA_SetMemoryAddress	24	static
../Drivers/STM32F7xx_HAL_Driver/Inc/stm32f7xx_ll_dma.h:1482:22:LL_DMA_SetPeriphAddress	24	static
../Drivers/STM32F7xx_HAL_Driver/Inc/stm32f7xx_ll_dma.h:1815:26:LL_DMA_IsActiveFlag_TC5	16	static
../Drivers/STM32F7xx_HAL_Driver/Inc/stm32f7xx_ll_dma.h:1826:26:LL_DMA_IsActiveFlag_TC6	16	static
../Drivers/STM32F7xx_HAL_Driver/Inc/stm32f7xx_ll_dma.h:2255:22:LL_DMA_ClearFlag_TC5	16	static
../Drivers/STM32F7xx_HAL_Driver/Inc/stm32f7xx_ll_dma.h:2266:22:LL_DMA_ClearFlag_TC6	16	static
../Drivers/STM32F7xx_HAL_Driver/Inc/stm32f7xx_ll_dma.h:2609:22:LL_DMA_EnableIT_TC	16	static
../Dev/Devices/IS66WVS4M8BLL/IS66WVS4M8BLL.c:8:6:SRAM_Initialize	16	static
../Dev/Devices/IS66WVS4M8BLL/IS66WVS4M8BLL.c:33:6:SRAM_read_id	32	static
../Dev/Devices/IS66WVS4M8BLL/IS66WVS4M8BLL.c:55:6:SRAM_write_polling	32	static
../Dev/Devices/IS66WVS4M8BLL/IS66WVS4M8BLL.c:76:6:SRAM_read_polling	40	static
../Dev/Devices/IS66WVS4M8BLL/IS66WVS4M8BLL.c:98:6:SRAM_fast_read_polling	48	static
../Dev/Devices/IS66WVS4M8BLL/IS66WVS4M8BLL.c:128:6:SRAM_DMA_Transfer	24	static
../Dev/Devices/IS66WVS4M8BLL/IS66WVS4M8BLL.c:177:9:SRAM_IsTransferDone	16	static
