../Drivers/CMSIS/Include/core_cm7.h:1884:26:__NVIC_GetPriorityGrouping	1
../Drivers/CMSIS/Include/core_cm7.h:1896:22:__NVIC_EnableIRQ	2
../Drivers/CMSIS/Include/core_cm7.h:2024:22:__NVIC_SetPriority	2
../Drivers/CMSIS/Include/core_cm7.h:2071:26:NVIC_EncodePriority	2
../Drivers/STM32F7xx_HAL_Driver/Inc/stm32f7xx_ll_adc.h:2451:22:LL_ADC_REG_SetSequencerRanks	1
../Drivers/STM32F7xx_HAL_Driver/Inc/stm32f7xx_ll_adc.h:2683:22:LL_ADC_REG_SetFlagEndOfConversion	1
../Drivers/STM32F7xx_HAL_Driver/Inc/stm32f7xx_ll_adc.h:3233:22:LL_ADC_SetChannelSamplingTime	1
../Drivers/STM32F7xx_HAL_Driver/Inc/stm32f7xx_ll_dma.h:598:22:LL_DMA_SetDataTransferDirection	1
../Drivers/STM32F7xx_HAL_Driver/Inc/stm32f7xx_ll_dma.h:646:22:LL_DMA_SetMode	1
../Drivers/STM32F7xx_HAL_Driver/Inc/stm32f7xx_ll_dma.h:693:22:LL_DMA_SetPeriphIncMode	1
../Drivers/STM32F7xx_HAL_Driver/Inc/stm32f7xx_ll_dma.h:738:22:LL_DMA_SetMemoryIncMode	1
../Drivers/STM32F7xx_HAL_Driver/Inc/stm32f7xx_ll_dma.h:784:22:LL_DMA_SetPeriphSize	1
../Drivers/STM32F7xx_HAL_Driver/Inc/stm32f7xx_ll_dma.h:831:22:LL_DMA_SetMemorySize	1
../Drivers/STM32F7xx_HAL_Driver/Inc/stm32f7xx_ll_dma.h:924:22:LL_DMA_SetStreamPriorityLevel	1
../Drivers/STM32F7xx_HAL_Driver/Inc/stm32f7xx_ll_dma.h:1032:22:LL_DMA_SetChannelSelection	1
../Drivers/STM32F7xx_HAL_Driver/Inc/stm32f7xx_ll_dma.h:1299:22:LL_DMA_DisableFifoMode	1
../Drivers/STM32F7xx_HAL_Driver/Inc/stm32f7xx_ll_i2c.h:429:22:LL_I2C_Enable	1
../Drivers/STM32F7xx_HAL_Driver/Inc/stm32f7xx_ll_i2c.h:644:22:LL_I2C_EnableClockStretching	1
../Drivers/STM32F7xx_HAL_Driver/Inc/stm32f7xx_ll_i2c.h:724:22:LL_I2C_DisableGeneralCall	1
../Drivers/STM32F7xx_HAL_Driver/Inc/stm32f7xx_ll_i2c.h:835:22:LL_I2C_SetOwnAddress2	1
../Drivers/STM32F7xx_HAL_Driver/Inc/stm32f7xx_ll_i2c.h:857:22:LL_I2C_DisableOwnAddress2	1
../Drivers/STM32F7xx_HAL_Driver/Inc/stm32f7xx_ll_i2c.h:1839:22:LL_I2C_EnableAutoEndMode	1
../Drivers/STM32F7xx_HAL_Driver/Inc/stm32f7xx_ll_iwdg.h:141:22:LL_IWDG_Enable	1
../Drivers/STM32F7xx_HAL_Driver/Inc/stm32f7xx_ll_iwdg.h:163:22:LL_IWDG_EnableWriteAccess	1
../Drivers/STM32F7xx_HAL_Driver/Inc/stm32f7xx_ll_iwdg.h:193:22:LL_IWDG_SetPrescaler	1
../Drivers/STM32F7xx_HAL_Driver/Inc/stm32f7xx_ll_iwdg.h:223:22:LL_IWDG_SetReloadCounter	1
../Drivers/STM32F7xx_HAL_Driver/Inc/stm32f7xx_ll_iwdg.h:246:22:LL_IWDG_SetWindow	1
../Drivers/STM32F7xx_HAL_Driver/Inc/stm32f7xx_ll_iwdg.h:311:26:LL_IWDG_IsReady	2
../Drivers/STM32F7xx_HAL_Driver/Inc/stm32f7xx_ll_spi.h:371:22:LL_SPI_Enable	1
../Drivers/STM32F7xx_HAL_Driver/Inc/stm32f7xx_ll_spi.h:439:22:LL_SPI_SetStandard	1
../Drivers/STM32F7xx_HAL_Driver/Inc/stm32f7xx_ll_spi.h:875:22:LL_SPI_EnableNSSPulseMgt	1
../Drivers/STM32F7xx_HAL_Driver/Inc/stm32f7xx_ll_spi.h:887:22:LL_SPI_DisableNSSPulseMgt	1
../Drivers/STM32F7xx_HAL_Driver/Inc/stm32f7xx_ll_tim.h:1493:22:LL_TIM_EnableARRPreload	1
../Drivers/STM32F7xx_HAL_Driver/Inc/stm32f7xx_ll_tim.h:1504:22:LL_TIM_DisableARRPreload	1
../Drivers/STM32F7xx_HAL_Driver/Inc/stm32f7xx_ll_tim.h:2221:22:LL_TIM_OC_DisableFast	9
../Drivers/STM32F7xx_HAL_Driver/Inc/stm32f7xx_ll_tim.h:2273:22:LL_TIM_OC_EnablePreload	9
../Drivers/STM32F7xx_HAL_Driver/Inc/stm32f7xx_ll_tim.h:3092:22:LL_TIM_SetClockSource	1
../Drivers/STM32F7xx_HAL_Driver/Inc/stm32f7xx_ll_tim.h:3138:22:LL_TIM_SetTriggerOutput	1
../Drivers/STM32F7xx_HAL_Driver/Inc/stm32f7xx_ll_tim.h:3168:22:LL_TIM_SetTriggerOutput2	1
../Drivers/STM32F7xx_HAL_Driver/Inc/stm32f7xx_ll_tim.h:3235:22:LL_TIM_DisableMasterSlaveMode	1
../Drivers/STM32F7xx_HAL_Driver/Inc/stm32f7xx_ll_usart.h:560:22:LL_USART_Enable	1
../Drivers/STM32F7xx_HAL_Driver/Inc/stm32f7xx_ll_usart.h:2172:22:LL_USART_SetDEDeassertionTime	1
../Drivers/STM32F7xx_HAL_Driver/Inc/stm32f7xx_ll_usart.h:2199:22:LL_USART_SetDEAssertionTime	1
../Drivers/STM32F7xx_HAL_Driver/Inc/stm32f7xx_ll_usart.h:2225:22:LL_USART_EnableDEMode	1
../Drivers/STM32F7xx_HAL_Driver/Inc/stm32f7xx_ll_usart.h:2267:22:LL_USART_SetDESignalPolarity	1
../Drivers/STM32F7xx_HAL_Driver/Inc/stm32f7xx_ll_usart.h:2320:22:LL_USART_ConfigAsyncMode	1
../Drivers/STM32F7xx_HAL_Driver/Inc/stm32f7xx_ll_gpio.h:881:22:LL_GPIO_SetOutputPin	1
../Drivers/STM32F7xx_HAL_Driver/Inc/stm32f7xx_ll_gpio.h:910:22:LL_GPIO_ResetOutputPin	1
../Drivers/STM32F7xx_HAL_Driver/Inc/stm32f7xx_ll_bus.h:309:22:LL_AHB1_GRP1_EnableClock	1
../Drivers/STM32F7xx_HAL_Driver/Inc/stm32f7xx_ll_bus.h:1071:22:LL_APB1_GRP1_EnableClock	1
../Drivers/STM32F7xx_HAL_Driver/Inc/stm32f7xx_ll_bus.h:1587:22:LL_APB2_GRP1_EnableClock	1
../Core/Src/main.c:81:6:SPI1_ReInit	1
../Core/Src/main.c:96:5:main	1
../Core/Src/main.c:160:6:SystemClock_Config	3
../Core/Src/main.c:208:13:MX_ADC1_Init	1
../Core/Src/main.c:368:13:MX_ADC2_Init	1
../Core/Src/main.c:457:13:MX_CRC_Init	2
../Core/Src/main.c:488:13:MX_I2C1_Init	2
../Core/Src/main.c:563:13:MX_IWDG_Init	2
../Core/Src/main.c:593:13:MX_SPI1_Init	1
../Core/Src/main.c:694:13:MX_SPI2_Init	1
../Core/Src/main.c:766:13:MX_SPI3_Init	1
../Core/Src/main.c:838:13:MX_SPI4_Init	1
../Core/Src/main.c:931:13:MX_SPI6_Init	1
../Core/Src/main.c:1043:13:MX_TIM1_Init	1
../Core/Src/main.c:1084:13:MX_TIM2_Init	1
../Core/Src/main.c:1123:13:MX_TIM4_Init	1
../Core/Src/main.c:1216:13:MX_UART7_Init	2
../Core/Src/main.c:1289:13:MX_USART1_UART_Init	2
../Core/Src/main.c:1369:13:MX_DMA_Init	1
../Core/Src/main.c:1403:13:MX_GPIO_Init	1
../Core/Src/main.c:1831:6:Error_Handler	1
