../Drivers/CMSIS/Include/core_cm7.h:2147:34:__NVIC_SystemReset	4	static,ignoring_inline_asm
../Dev/App/shell/CLI_Command/cli_command.c:125:13:CMD_test	24	static
../Dev/App/shell/CLI_Command/cli_command.c:134:13:cmd_clear_fram	1048	static
../Dev/App/shell/CLI_Command/cli_command.c:143:13:cmd_read_fram	1056	static
../Dev/App/shell/CLI_Command/cli_command.c:286:13:CMD_Clear_CLI	40	static
../Dev/App/shell/CLI_Command/cli_command.c:292:13:CMD_Reset	24	static
../Dev/App/shell/CLI_Command/cli_command.c:297:13:CMD_NTC_Get_Temp	40	static
../Dev/App/shell/CLI_Command/cli_command.c:331:13:CMD_PWR_5V_Set	40	static
../Dev/App/shell/CLI_Command/cli_command.c:351:13:CMD_PWR_5V_Get	24	static
../Dev/App/shell/CLI_Command/cli_command.c:360:13:CMD_TEC_Init	40	static
../Dev/App/shell/CLI_Command/cli_command.c:404:13:CMD_TEC_Set_Profile_Volt	40	static
../Dev/App/shell/CLI_Command/cli_command.c:428:13:CMD_TEC_Get_Profile_Volt	32	static
../Dev/App/shell/CLI_Command/cli_command.c:437:13:CMD_TEC_Profile_Register	40	static
../Dev/App/shell/CLI_Command/cli_command.c:470:13:CMD_TEC_Profile_Get	32	static
../Dev/App/shell/CLI_Command/cli_command.c:480:13:CMD_TEC_Man_Set_Volt	56	static
../Dev/App/shell/CLI_Command/cli_command.c:529:13:CMD_TEC_Man_Set_Output	48	static
../Dev/App/shell/CLI_Command/cli_command.c:561:13:CMD_TEC_OVR_Set_Output	56	static
../Dev/App/shell/CLI_Command/cli_command.c:612:13:CMD_TEC_OVR_Start	24	static
../Dev/App/shell/CLI_Command/cli_command.c:617:13:CMD_TEC_OVR_Stop	24	static
../Dev/App/shell/CLI_Command/cli_command.c:623:13:CMD_TEC_OVR_Get	32	static
../Dev/App/shell/CLI_Command/cli_command.c:637:13:CMD_HTR_Set_Profile_Duty	40	static
../Dev/App/shell/CLI_Command/cli_command.c:658:13:CMD_HTR_Get_Profile_Duty	32	static
../Dev/App/shell/CLI_Command/cli_command.c:663:13:CMD_Heater_Profile_Register	40	static
../Dev/App/shell/CLI_Command/cli_command.c:686:13:CMD_Heater_Profile_Get	32	static
../Dev/App/shell/CLI_Command/cli_command.c:697:13:CMD_Ref_Set_Temp_Limit	48	static
../Dev/App/shell/CLI_Command/cli_command.c:725:13:CMD_Ref_Get_Temp_Limit	32	static
../Dev/App/shell/CLI_Command/cli_command.c:733:13:CMD_Ref_Set_Temp	40	static
../Dev/App/shell/CLI_Command/cli_command.c:749:13:CMD_Ref_Get_Temp	32	static
../Dev/App/shell/CLI_Command/cli_command.c:756:13:CMD_Ref_Set_NTC	48	static
../Dev/App/shell/CLI_Command/cli_command.c:785:13:CMD_Ref_Get_NTC	32	static
../Dev/App/shell/CLI_Command/cli_command.c:794:13:CMD_Set_Auto_Recover	40	static
../Dev/App/shell/CLI_Command/cli_command.c:814:13:CMD_Get_Auto_Recover	32	static
../Dev/App/shell/CLI_Command/cli_command.c:822:13:CMD_Start_Auto_Mode	24	static
../Dev/App/shell/CLI_Command/cli_command.c:827:13:CMD_Stop_Auto_Mode	24	static
../Dev/App/shell/CLI_Command/cli_command.c:836:13:CMD_Set_Laser_Int_Current	40	static
../Dev/App/shell/CLI_Command/cli_command.c:858:13:CMD_Set_Laser_Ext_Current	40	static
../Dev/App/shell/CLI_Command/cli_command.c:881:13:CMD_Laser_Get_Current	40	static
../Dev/App/shell/CLI_Command/cli_command.c:914:13:CMD_Int_Laser_Switch_On	40	static
../Dev/App/shell/CLI_Command/cli_command.c:937:13:CMD_Ext_Laser_Switch_On	40	static
../Dev/App/shell/CLI_Command/cli_command.c:958:13:CMD_Int_Laser_Switch_Off	24	static
../Dev/App/shell/CLI_Command/cli_command.c:964:13:CMD_Ext_Laser_Switch_Off	24	static
../Dev/App/shell/CLI_Command/cli_command.c:975:13:cmd_exp_set_profile	80	static
../Dev/App/shell/CLI_Command/cli_command.c:1049:13:cmd_exp_get_profile	88	static
../Dev/App/shell/CLI_Command/cli_command.c:1069:13:cmd_exp_start_measuring	24	static
../Dev/App/shell/CLI_Command/cli_command.c:1082:13:cmd_exp_ram_read	40	static
../Dev/App/shell/CLI_Command/cli_command.c:1127:13:cmd_exp_data_transfer	24	static
../Dev/App/shell/CLI_Command/cli_command.c:1142:26:getCliStaticBindings	4	static
../Dev/App/shell/CLI_Command/cli_command.c:1146:10:getCliStaticBindingCount	4	static
