../Drivers/STM32F7xx_HAL_Driver/Inc/stm32f7xx_ll_adc.h:2108:22:LL_ADC_REG_SetTriggerSource	16	static
../Drivers/STM32F7xx_HAL_Driver/Inc/stm32f7xx_ll_adc.h:2257:22:LL_ADC_REG_SetSequencerLength	16	static
../Drivers/STM32F7xx_HAL_Driver/Inc/stm32f7xx_ll_adc.h:2740:22:LL_ADC_INJ_SetTriggerSource	16	static
../Drivers/STM32F7xx_HAL_Driver/Inc/stm32f7xx_ll_adc.h:2852:22:LL_ADC_INJ_SetSequencerLength	16	static
../Drivers/STM32F7xx_HAL_Driver/Inc/stm32f7xx_ll_adc.h:3833:22:LL_ADC_Disable	16	static
../Drivers/STM32F7xx_HAL_Driver/Inc/stm32f7xx_ll_adc.h:3844:26:LL_ADC_IsEnabled	16	static
../Drivers/STM32F7xx_HAL_Driver/Inc/stm32f7xx_ll_bus.h:1768:22:LL_APB2_GRP1_ForceReset	16	static
../Drivers/STM32F7xx_HAL_Driver/Inc/stm32f7xx_ll_bus.h:1825:22:LL_APB2_GRP1_ReleaseReset	16	static
../Drivers/STM32F7xx_HAL_Driver/Src/stm32f7xx_ll_adc.c:283:13:LL_ADC_CommonDeInit	16	static
../Drivers/STM32F7xx_HAL_Driver/Src/stm32f7xx_ll_adc.c:313:13:LL_ADC_CommonInit	32	static
../Drivers/STM32F7xx_HAL_Driver/Src/stm32f7xx_ll_adc.c:389:6:LL_ADC_CommonStructInit	16	static
../Drivers/STM32F7xx_HAL_Driver/Src/stm32f7xx_ll_adc.c:412:13:LL_ADC_DeInit	24	static
../Drivers/STM32F7xx_HAL_Driver/Src/stm32f7xx_ll_adc.c:571:13:LL_ADC_Init	24	static
../Drivers/STM32F7xx_HAL_Driver/Src/stm32f7xx_ll_adc.c:619:6:LL_ADC_StructInit	16	static
../Drivers/STM32F7xx_HAL_Driver/Src/stm32f7xx_ll_adc.c:666:13:LL_ADC_REG_Init	24	static
../Drivers/STM32F7xx_HAL_Driver/Src/stm32f7xx_ll_adc.c:757:6:LL_ADC_REG_StructInit	16	static
../Drivers/STM32F7xx_HAL_Driver/Src/stm32f7xx_ll_adc.c:803:13:LL_ADC_INJ_Init	24	static
../Drivers/STM32F7xx_HAL_Driver/Src/stm32f7xx_ll_adc.c:881:6:LL_ADC_INJ_StructInit	16	static
